Component: ARM Compiler 5.06 update 2 (build 183) Tool: armlink [4d35b7]

==============================================================================

Section Cross References

    startup_stm32f10x_hd.o(STACK) refers (Special) to heapauxi.o(.text) for __use_two_region_memory
    startup_stm32f10x_hd.o(HEAP) refers (Special) to heapauxi.o(.text) for __use_two_region_memory
    startup_stm32f10x_hd.o(RESET) refers (Special) to heapauxi.o(.text) for __use_two_region_memory
    startup_stm32f10x_hd.o(RESET) refers to startup_stm32f10x_hd.o(STACK) for __initial_sp
    startup_stm32f10x_hd.o(RESET) refers to startup_stm32f10x_hd.o(.text) for Reset_Handler
    startup_stm32f10x_hd.o(RESET) refers to stm32f10x_it.o(.text) for NMI_Handler
    startup_stm32f10x_hd.o(RESET) refers to serial.o(.text) for USART1_IRQHandler
    startup_stm32f10x_hd.o(.text) refers (Special) to heapauxi.o(.text) for __use_two_region_memory
    startup_stm32f10x_hd.o(.text) refers to system_stm32f10x.o(.text) for SystemInit
    startup_stm32f10x_hd.o(.text) refers to __main.o(!!!main) for __main
    startup_stm32f10x_hd.o(.text) refers to startup_stm32f10x_hd.o(HEAP) for Heap_Mem
    startup_stm32f10x_hd.o(.text) refers to startup_stm32f10x_hd.o(STACK) for Stack_Mem
    system_stm32f10x.o(.text) refers to system_stm32f10x.o(.data) for SystemCoreClock
    retarget.o(.text) refers (Special) to use_no_semi.o(.text) for __use_no_semihosting_swi
    retarget.o(.text) refers to serial.o(.text) for sendchar
    retarget.o(.data) refers (Special) to use_no_semi.o(.text) for __use_no_semihosting_swi
    serial.o(.text) refers to misc.o(.text) for NVIC_PriorityGroupConfig
    serial.o(.text) refers to stm32f10x_rcc.o(.text) for RCC_APB2PeriphClockCmd
    serial.o(.text) refers to stm32f10x_gpio.o(.text) for GPIO_Init
    serial.o(.text) refers to stm32f10x_usart.o(.text) for USART_Cmd
    serial.o(.text) refers to serial.o(.bss) for sTxQueue
    main.o(.text) refers to systick.o(.text) for InitSysTick
    main.o(.text) refers to e2prom.o(.text) for E2PROM::InitPort(IICProfile*)
    main.o(.text) refers to serial.o(.text) for init_serial
    main.o(.text) refers to commonutil.o(.text) for Printf_CU
    main.o(.text) refers to aeabi_atexit.o(.text) for __aeabi_atexit
    main.o(.text) refers to main.o(.data) for g_iicAT24C02
    main.o(.text) refers to main.o(.bss) for g_at24c02
    main.o(.ARM.exidx) refers to main.o(.text) for .text
    main.o(.init_array) refers to main.o(.text) for __sti___8_main_cpp_main
    main.o(.init_array) refers to init_aeabi.o(.text) for __cpp_initialize__aeabi_
    commonprotocol.o(.text) refers to commonutil.o(.text) for AssertFailed_CU
    commonprotocol.o(.text) refers to rt_memcpy_v6.o(.text) for __aeabi_memcpy
    commonprotocol.o(.text) refers to rt_memclr_w.o(.text) for __aeabi_memclr4
    commonprotocol.o(.text) refers to rt_memcpy_w.o(.text) for __aeabi_memcpy4
    commonprotocol.o(.text) refers to rt_memclr.o(.text) for __aeabi_memclr
    commonprotocol.o(.text) refers to memcmp.o(.text) for memcmp
    commonprotocol.o(.text) refers to rt_memmove_v6.o(.text) for __aeabi_memmove
    commonstring.o(.text) refers to commonutil.o(.text) for AssertFailed_CU
    commonstring.o(.text) refers to strlen.o(.text) for strlen
    commonstring.o(.text) refers to strstr.o(.text) for strstr
    commonstring.o(.text) refers to strncpy.o(.text) for strncpy
    commonstring.o(.text) refers to strspn.o(.text) for strspn
    commonstring.o(.text) refers to strcpy.o(.text) for strcpy
    commonstring.o(.text) refers to toupper.o(.text) for toupper
    commonutil.o(.text) refers to c89vsnprintf.o(.text) for __c89vsnprintf
    commonutil.o(.text) refers to puts.o(.text) for puts
    commonutil.o(.text) refers to fflt_clz.o(x$fpl$ffltu) for __aeabi_ui2f
    commonutil.o(.text) refers to fmul.o(x$fpl$fmul) for __aeabi_fmul
    commonutil.o(.text) refers to fdiv.o(x$fpl$fdiv) for __aeabi_fdiv
    commonutil.o(.text) refers to ffixu.o(x$fpl$ffixu) for __aeabi_f2uiz
    commonutil.o(.text) refers to commonutil.o(.bss) for string
    basicstorage.o(.text) refers to delete.o(i._ZdlPv) for operator delete (void*)
    basicstorage.o(.text) refers to basicstorage.o(.constdata__ZTV12BasicStorage) for vtable for BasicStorage
    basicstorage.o(.ARM.exidx) refers to basicstorage.o(.text) for .text
    spiflash.o(.text) refers to basicstorage.o(.text) for BasicStorage::BasicStorage__sub_object()
    spiflash.o(.text) refers to devwrapperspi.o(.text) for InitSPI
    spiflash.o(.text) refers to devwrapperio.o(.text) for InitIO
    spiflash.o(.text) refers to delete.o(i._ZdlPv) for operator delete (void*)
    spiflash.o(.text) refers to spiflash.o(.constdata__ZTV8SPIFlash) for vtable for SPIFlash
    spiflash.o(.ARM.exidx) refers to spiflash.o(.text) for .text
    e2prom.o(.text) refers to basicstorage.o(.text) for BasicStorage::BasicStorage__sub_object()
    e2prom.o(.text) refers to delete.o(i._ZdlPv) for operator delete (void*)
[...]
    .ARM.Collect$$rtexit$$00000000           0x0800027c   Section        2  rtexit.o(.ARM.Collect$$rtexit$$00000000)
    .ARM.Collect$$rtexit$$00000002           0x0800027e   Section        0  rtexit2.o(.ARM.Collect$$rtexit$$00000002)
    .ARM.Collect$$rtexit$$00000003           0x0800027e   Section        4  rtexit2.o(.ARM.Collect$$rtexit$$00000003)
    .ARM.Collect$$rtexit$$00000004           0x08000282   Section        6  rtexit2.o(.ARM.Collect$$rtexit$$00000004)
    .emb_text                                0x08000288   Section        0  maybetermalloc1.o(.emb_text)
    .text                                    0x08000288   Section       64  startup_stm32f10x_hd.o(.text)
    .text                                    0x080002c8   Section        0  system_stm32f10x.o(.text)
    SetSysClockTo72                          0x080002c9   Thumb Code   214  system_stm32f10x.o(.text)
    SetSysClock                              0x0800039f   Thumb Code     8  system_stm32f10x.o(.text)
    .text                                    0x080004a8   Section        0  stm32f10x_it.o(.text)
    .text                                    0x080004c2   Section        0  retarget.o(.text)
    .text                                    0x080004f4   Section        0  serial.o(.text)
    .text                                    0x08000688   Section        0  main.o(.text)
    __sti___8_main_cpp_main                  0x080006cd   Thumb Code    32  main.o(.text)
    .text                                    0x0800071c   Section        0  commonutil.o(.text)
    .text                                    0x080007b0   Section        0  basicstorage.o(.text)
    .text                                    0x080007d0   Section        0  e2prom.o(.text)
    .text                                    0x08000aa4   Section        0  devwrapperio.o(.text)
    .text                                    0x08000b94   Section        0  devwrapperiic.o(.text)
    .text                                    0x08000fc8   Section        0  systick.o(.text)
    .text                                    0x080010ac   Section        0  misc.o(.text)
    .text                                    0x08001278   Section        0  stm32f10x_dma.o(.text)
    .text                                    0x08001ba0   Section        0  stm32f10x_gpio.o(.text)
    .text                                    0x08002604   Section        0  stm32f10x_i2c.o(.text)
    .text                                    0x08003294   Section        0  stm32f10x_rcc.o(.text)
    .text                                    0x08003abc   Section        0  stm32f10x_usart.o(.text)
    .text                                    0x08004860   Section        2  use_no_semi.o(.text)
    .text                                    0x08004864   Section        0  c89vsnprintf.o(.text)
    .text                                    0x08004898   Section        0  puts.o(.text)
    .text                                    0x080048c4   Section        0  aeabi_atexit.o(.text)
    .text                                    0x080048f2   Section      100  rt_memcpy_w.o(.text)
    .text                                    0x08004956   Section        0  heapauxi.o(.text)
    .text                                    0x0800495c   Section        0  init_aeabi.o(.text)
    .text                                    0x08004980   Section       16  rt_ctype_table.o(.text)
    .text                                    0x08004990   Section        8  rt_ddtor_pointer_addr_intlibspace.o(.text)
    .text                                    0x08004998   Section        0  h1_alloc.o(.text)
    .text                                    0x080049f6   Section        0  h1_free.o(.text)
    .text                                    0x08004a44   Section        0  _printf_pad.o(.text)
    .text                                    0x08004a92   Section        0  _printf_truncate.o(.text)
    .text                                    0x08004ab6   Section        0  _printf_str.o(.text)
    .text                                    0x08004b08   Section        0  _printf_dec.o(.text)
    .text                                    0x08004b80   Section        0  _printf_charcount.o(.text)
    .text                                    0x08004ba8   Section        0  _printf_char_common.o(.text)
    _printf_input_char                       0x08004ba9   Thumb Code    10  _printf_char_common.o(.text)
    .text                                    0x08004bd8   Section        0  _sputc.o(.text)
    .text                                    0x08004be2   Section        0  _snputc.o(.text)
    .text                                    0x08004bf4   Section        0  _printf_wctomb.o(.text)
    .text                                    0x08004cb0   Section        0  _printf_longlong_dec.o(.text)
    .text                                    0x08004d2c   Section        0  _printf_oct_int_ll.o(.text)
    _printf_longlong_oct_internal            0x08004d2d   Thumb Code     0  _printf_oct_int_ll.o(.text)
    .text                                    0x08004d9c   Section        0  _printf_hex_int_ll_ptr.o(.text)
    _printf_hex_common                       0x08004d9d   Thumb Code     0  _printf_hex_int_ll_ptr.o(.text)
    .text                                    0x08004e30   Section        0  __printf_flags_ss_wp.o(.text)
    .text                                    0x08004fb8   Section        0  cxa_finalize.o(.text)
    .text                                    0x08004ffc   Section        8  libspace.o(.text)
    .text                                    0x08005004   Section        8  rt_heap_descriptor_intlibspace.o(.text)
    .text                                    0x0800500c   Section        8  rt_locale_intlibspace.o(.text)
    .text                                    0x08005014   Section        0  hguard.o(.text)
    .text                                    0x08005018   Section        0  init_alloc.o(.text)
    .text                                    0x080050a2   Section        0  h1_init.o(.text)
    .text                                    0x080050b0   Section      138  lludiv10.o(.text)
    .text                                    0x0800513a   Section        0  _printf_intcommon.o(.text)
    .text                                    0x080051ec   Section        0  _printf_fp_dec.o(.text)
    _fp_digits                               0x080051ef   Thumb Code   428  _printf_fp_dec.o(.text)
    .text                                    0x08005606   Section        0  _printf_char.o(.text)
    .text                                    0x08005632   Section        0  _printf_wchar.o(.text)
    .text                                    0x0800565e   Section        0  _wcrtomb.o(.text)
    .text                                    0x0800569e   Section        0  defsig_exit.o(.text)
    .text                                    0x080056a8   Section       74  sys_stackheap_outer.o(.text)
    .text                                    0x080056f2   Section        0  h1_extend.o(.text)
    .text                                    0x08005728   Section        0  _printf_fp_infnan.o(.text)
    .text                                    0x080057a8   Section        0  bigflt0.o(.text)
    .text                                    0x08005884   Section        0  exit.o(.text)
    .text                                    0x08005896   Section        0  defsig_general.o(.text)
    .text                                    0x080058c8   Section        0  defsig_rtmem_outer.o(.text)
    .text                                    0x080058d8   Section      128  strcmpv7m.o(.text)
    .text                                    0x08005958   Section        0  defsig_rtmem_inner.o(.text)
    CL$$btod_d2e                             0x080059a8   Section       62  btod.o(CL$$btod_d2e)
    CL$$btod_d2e_denorm_low                  0x080059e6   Section       70  btod.o(CL$$btod_d2e_denorm_low)
    CL$$btod_d2e_norm_op1                    0x08005a2c   Section       96  btod.o(CL$$btod_d2e_norm_op1)
    CL$$btod_div_common                      0x08005a8c   Section      824  btod.o(CL$$btod_div_common)
    CL$$btod_e2e                             0x08005dc4   Section      198  btod.o(CL$$btod_e2e)
    CL$$btod_ediv                            0x08005e8a   Section       40  btod.o(CL$$btod_ediv)
    CL$$btod_emul                            0x08005eb2   Section       40  btod.o(CL$$btod_emul)
    CL$$btod_mult_common                     0x08005eda   Section      580  btod.o(CL$$btod_mult_common)
    i._ZdlPv                                 0x0800611e   Section        0  delete.o(i._ZdlPv)
    i.__ARM_fpclassify                       0x08006126   Section        0  fpclassify.o(i.__ARM_fpclassify)
    i._is_digit                              0x0800614e   Section        0  __printf_wp.o(i._is_digit)
    locale$$code                             0x0800615c   Section       44  lc_ctype_c.o(locale$$code)
    locale$$code                             0x08006188   Section       44  lc_numeric_c.o(locale$$code)
    x$fpl$fdiv                               0x080061b4   Section      388  fdiv.o(x$fpl$fdiv)
    _fdiv1                                   0x080061b5   Thumb Code     0  fdiv.o(x$fpl$fdiv)
    x$fpl$ffixu                              0x08006338   Section       62  ffixu.o(x$fpl$ffixu)
    x$fpl$ffltu                              0x08006378   Section       38  fflt_clz.o(x$fpl$ffltu)
    x$fpl$fmul                               0x080063a0   Section      258  fmul.o(x$fpl$fmul)
    x$fpl$fnaninf                            0x080064a2   Section      140  fnaninf.o(x$fpl$fnaninf)
    x$fpl$fretinf                            0x0800652e   Section       10  fretinf.o(x$fpl$fretinf)
    x$fpl$printf1                            0x08006538   Section        4  printf1.o(x$fpl$printf1)
    .constdata                               0x0800653c   Section        8  _printf_wctomb.o(.constdata)
    x$fpl$usenofp                            0x0800653c   Section        0  usenofp.o(x$fpl$usenofp)
    initial_mbstate                          0x0800653c   Data           8  _printf_wctomb.o(.constdata)
    .constdata                               0x08006544   Section       40  _printf_hex_int_ll_ptr.o(.constdata)
    uc_hextab                                0x08006544   Data          20  _printf_hex_int_ll_ptr.o(.constdata)
    lc_hextab                                0x08006558   Data          20  _printf_hex_int_ll_ptr.o(.constdata)
    .constdata                               0x0800656c   Section       17  __printf_flags_ss_wp.o(.constdata)
    maptable                                 0x0800656c   Data          17  __printf_flags_ss_wp.o(.constdata)
    .constdata                               0x08006580   Section      148  bigflt0.o(.constdata)
    tenpwrs_x                                0x08006580   Data          60  bigflt0.o(.constdata)
    tenpwrs_i                                0x080065bc   Data          64  bigflt0.o(.constdata)
    .constdata__ZTV12BasicStorage            0x08006614   Section       36  basicstorage.o(.constdata__ZTV12BasicStorage)
    .constdata__ZTV6E2PROM                   0x08006638   Section       36  e2prom.o(.constdata__ZTV6E2PROM)
    locale$$data                             0x0800667c   Section      272  lc_ctype_c.o(locale$$data)
    __lcctype_c_name                         0x08006680   Data           2  lc_ctype_c.o(locale$$data)
    __lcctype_c_start                        0x08006688   Data           0  lc_ctype_c.o(locale$$data)
    locale$$data                             0x0800678c   Section       28  lc_numeric_c.o(locale$$data)
    __lcctype_c_end                          0x0800678c   Data           0  lc_ctype_c.o(locale$$data)
    __lcnum_c_name                           0x08006790   Data           2  lc_numeric_c.o(locale$$data)
    __lcnum_c_start                          0x08006798   Data           0  lc_numeric_c.o(locale$$data)
    __lcnum_c_point                          0x080067a4   Data           0  lc_numeric_c.o(locale$$data)
    __lcnum_c_thousands                      0x080067a6   Data           0  lc_numeric_c.o(locale$$data)
    __lcnum_c_grouping                       0x080067a7   Data           0  lc_numeric_c.o(locale$$data)
    .init_array                              0x080067a8   Section        4  main.o(.init_array)
    __lcnum_c_end                            0x080067a8   Data           0  lc_numeric_c.o(locale$$data)
    .init_array                              0x080067ac   Section        0  init_aeabi.o(.init_array)
    .data                                    0x20000000   Section       20  system_stm32f10x.o(.data)
    .data                                    0x20000014   Section        8  retarget.o(.data)
    .data                                    0x2000001c   Section      136  main.o(.data)
    str1                                     0x2000001c   Data         100  main.o(.data)
    g_iicAT24C02                             0x20000080   Data          36  main.o(.data)
    .data                                    0x200000a4   Section        8  systick.o(.data)
    fac_us                                   0x200000a4   Data           4  systick.o(.data)
    fac_ms                                   0x200000a8   Data           4  systick.o(.data)
    .data                                    0x200000ac   Section       20  stm32f10x_rcc.o(.data)
    APBAHBPrescTable                         0x200000ac   Data          16  stm32f10x_rcc.o(.data)
    ADCPrescTable                            0x200000bc   Data           4  stm32f10x_rcc.o(.data)
    .bss                                     0x200000c0   Section     1012  serial.o(.bss)
    sTxQueue                                 0x200000c0   Data        1012  serial.o(.bss)
    .bss                                     0x200004b4   Section      120  main.o(.bss)
    str2                                     0x200004b4   Data         100  main.o(.bss)
    g_at24c02                                0x20000518   Data          20  main.o(.bss)
    .bss                                     0x2000052c   Section      512  commonutil.o(.bss)
    string                                   0x2000052c   Data         512  commonutil.o(.bss)
    .bss                                     0x2000072c   Section       44  devwrapperiic.o(.bss)
    .bss                                     0x20000758   Section       96  libspace.o(.bss)
    HEAP                                     0x200007b8   Section      512  startup_stm32f10x_hd.o(HEAP)
    Heap_Mem                                 0x200007b8   Data         512  startup_stm32f10x_hd.o(HEAP)
    STACK                                    0x200009b8   Section     2048  startup_stm32f10x_hd.o(STACK)
    Stack_Mem                                0x200009b8   Data        2048  startup_stm32f10x_hd.o(STACK)
    __initial_sp                             0x200011b8   Data           0  startup_stm32f10x_hd.o(STACK)

    Global Symbols

    Symbol Name                              Value     Ov Type        Size  Object(Section)

    BuildAttributes$$THM_ISAv4$P$D$K$B$S$PE$A:L22UL41UL21$X:L11$S22US41US21$IEEE1$IW$USESV6$~STKCKD$USESV7$~SHL$OTIME$ROPI$IEEEJ$EBA8$UX$STANDARDLIB$REQ8$PRES8$EABIv2 0x00000000   Number         0  anon$$obj.o ABSOLUTE
    __ARM_use_no_argv                        0x00000000   Number         0  main.o ABSOLUTE
    _printf_flags                            0x00000000   Number         0  printf_stubs.o ABSOLUTE
    _printf_return_value                     0x00000000   Number         0  printf_stubs.o ABSOLUTE
    _printf_sizespec                         0x00000000   Number         0  printf_stubs.o ABSOLUTE
    _printf_widthprec                        0x00000000   Number         0  printf_stubs.o ABSOLUTE
    __ARM::default_unexpected_handler()       - Undefined Weak Reference
    __ARM_exceptions_buffer_required          - Undefined Weak Reference
    __ARM_exceptions_init                     - Undefined Weak Reference
    __alloca_initialize                       - Undefined Weak Reference
    __arm_preinit_                            - Undefined Weak Reference
    __sigvec_lookup                           - Undefined Weak Reference
    __user_heap_extent                        - Undefined Weak Reference
    _atexit_init                              - Undefined Weak Reference
    _call_atexit_fns                          - Undefined Weak Reference
    _clock_init                               - Undefined Weak Reference
    _fp_trap_init                             - Undefined Weak Reference
    _fp_trap_shutdown                         - Undefined Weak Reference
    _get_lc_collate                           - Undefined Weak Reference
    _get_lc_monetary                          - Undefined Weak Reference
    _get_lc_time                              - Undefined Weak Reference
    _getenv_init                              - Undefined Weak Reference
    _handle_redirection                       - Undefined Weak Reference
    _initio                                   - Undefined Weak Reference
    _mutex_acquire                            - Undefined Weak Reference
    _mutex_free                               - Undefined Weak Reference
    _mutex_release                            - Undefined Weak Reference
    _printf_fp_hex                            - Undefined Weak Reference
    _printf_mbtowc                            - Undefined Weak Reference
    _printf_wc                                - Undefined Weak Reference
    _rand_init                                - Undefined Weak Reference
    _signal_finish                            - Undefined Weak Reference
    _signal_init                              - Undefined Weak Reference
    _terminateio                              - Undefined Weak Reference
    __Vectors_Size                           0x00000130   Number         0  startup_stm32f10x_hd.o ABSOLUTE
    __Vectors                                0x08000000   Data           4  startup_stm32f10x_hd.o(RESET)
    __dso_handle                             0x08000000   Number         0  startup_stm32f10x_hd.o(RESET)
    __Vectors_End                            0x08000130   Data           0  startup_stm32f10x_hd.o(RESET)
    __main                                   0x08000131   Thumb Code     8  __main.o(!!!main)
    __scatterload                            0x08000139   Thumb Code     0  __scatter.o(!!!scatter)
    __scatterload_rt2                        0x08000139   Thumb Code    44  __scatter.o(!!!scatter)
    __scatterload_rt2_thumb_only             0x08000139   Thumb Code     0  __scatter.o(!!!scatter)
    __scatterload_null                       0x08000147   Thumb Code     0  __scatter.o(!!!scatter)
    __scatterload_copy                       0x0800016d   Thumb Code    26  __scatter_copy.o(!!handler_copy)
    __scatterload_zeroinit                   0x08000189   Thumb Code    28  __scatter_zi.o(!!handler_zi)
    _printf_n                                0x080001a5   Thumb Code     0  _printf_n.o(.ARM.Collect$$_printf_percent$$00000001)
    _printf_percent                          0x080001a5   Thumb Code     0  _printf_percent.o(.ARM.Collect$$_printf_percent$$00000000)
    _printf_p                                0x080001ab   Thumb Code     0  _printf_p.o(.ARM.Collect$$_printf_percent$$00000002)
    _printf_f                                0x080001b1   Thumb Code     0  _printf_f.o(.ARM.Collect$$_printf_percent$$00000003)
    _printf_e                                0x080001b7   Thumb Code     0  _printf_e.o(.ARM.Collect$$_printf_percent$$00000004)
    _printf_g                                0x080001bd   Thumb Code     0  _printf_g.o(.ARM.Collect$$_printf_percent$$00000005)
    _printf_a                                0x080001c3   Thumb Code     0  _printf_a.o(.ARM.Collect$$_printf_percent$$00000006)
    _printf_ll                               0x080001c9   Thumb Code     0  _printf_ll.o(.ARM.Collect$$_printf_percent$$00000007)
    _printf_i                                0x080001d3   Thumb Code     0  _printf_i.o(.ARM.Collect$$_printf_percent$$00000008)
    _printf_d                                0x080001d9   Thumb Code     0  _printf_d.o(.ARM.Collect$$_printf_percent$$00000009)
    _printf_u                                0x080001df   Thumb Code     0  _printf_u.o(.ARM.Collect$$_printf_percent$$0000000A)
    _printf_o                                0x080001e5   Thumb Code     0  _printf_o.o(.ARM.Collect$$_printf_percent$$0000000B)
    _printf_x                                0x080001eb   Thumb Code     0  _printf_x.o(.ARM.Collect$$_printf_percent$$0000000C)
    _printf_lli                              0x080001f1   Thumb Code     0  _printf_lli.o(.ARM.Collect$$_printf_percent$$0000000D)
    _printf_lld                              0x080001f7   Thumb Code     0  _printf_lld.o(.ARM.Collect$$_printf_percent$$0000000E)
    _printf_llu                              0x080001fd   Thumb Code     0  _printf_llu.o(.ARM.Collect$$_printf_percent$$0000000F)
    _printf_llo                              0x08000203   Thumb Code     0  _printf_llo.o(.ARM.Collect$$_printf_percent$$00000010)
    _printf_llx                              0x08000209   Thumb Code     0  _printf_llx.o(.ARM.Collect$$_printf_percent$$00000011)
    _printf_l                                0x0800020f   Thumb Code     0  _printf_l.o(.ARM.Collect$$_printf_percent$$00000012)
    _printf_c                                0x08000219   Thumb Code     0  _printf_c.o(.ARM.Collect$$_printf_percent$$00000013)
    _printf_s                                0x0800021f   Thumb Code     0  _printf_s.o(.ARM.Collect$$_printf_percent$$00000014)
    _printf_lc                               0x08000225   Thumb Code     0  _printf_lc.o(.ARM.Collect$$_printf_percent$$00000015)
    _printf_ls                               0x0800022b   Thumb Code     0  _printf_ls.o(.ARM.Collect$$_printf_percent$$00000016)
    _printf_percent_end                      0x08000231   Thumb Code     0  _printf_percent_end.o(.ARM.Collect$$_printf_percent$$00000017)
    __rt_lib_init                            0x08000235   Thumb Code     0  libinit.o(.ARM.Collect$$libinit$$00000000)
    __rt_lib_init_fp_1                       0x08000237   Thumb Code     0  libinit2.o(.ARM.Collect$$libinit$$00000002)
    __rt_lib_init_heap_2                     0x08000237   Thumb Code     0  libinit2.o(.ARM.Collect$$libinit$$00000005)
    __rt_lib_init_preinit_1                  0x08000237   Thumb Code     0  libinit2.o(.ARM.Collect$$libinit$$00000004)
    __rt_lib_init_heap_1                     0x0800023f   Thumb Code     0  libinit2.o(.ARM.Collect$$libinit$$0000000A)
    __rt_lib_init_lc_common                  0x0800023f   Thumb Code     0  libinit2.o(.ARM.Collect$$libinit$$0000000F)
    __rt_lib_init_rand_1                     0x0800023f   Thumb Code     0  libinit2.o(.ARM.Collect$$libinit$$0000000E)
    __rt_lib_init_user_alloc_1               0x0800023f   Thumb Code     0  libinit2.o(.ARM.Collect$$libinit$$0000000C)
    __rt_lib_init_lc_collate_1               0x08000245   Thumb Code     0  libinit2.o(.ARM.Collect$$libinit$$00000011)
    __rt_lib_init_lc_ctype_2                 0x08000245   Thumb Code     0  libinit2.o(.ARM.Collect$$libinit$$00000012)
    __rt_lib_init_lc_ctype_1                 0x08000251   Thumb Code     0  libinit2.o(.ARM.Collect$$libinit$$00000013)
    __rt_lib_init_lc_monetary_1              0x08000251   Thumb Code     0  libinit2.o(.ARM.Collect$$libinit$$00000015)
    __rt_lib_init_lc_numeric_2               0x08000251   Thumb Code     0  libinit2.o(.ARM.Collect$$libinit$$00000016)
    __rt_lib_init_alloca_1                   0x0800025b   Thumb Code     0  libinit2.o(.ARM.Collect$$libinit$$0000002E)
    __rt_lib_init_argv_1                     0x0800025b   Thumb Code     0  libinit2.o(.ARM.Collect$$libinit$$0000002C)
    __rt_lib_init_atexit_1                   0x0800025b   Thumb Code     0  libinit2.o(.ARM.Collect$$libinit$$0000001B)
    __rt_lib_init_clock_1                    0x0800025b   Thumb Code     0  libinit2.o(.ARM.Collect$$libinit$$00000021)
    __rt_lib_init_cpp_2                      0x0800025b   Thumb Code     0  libinit2.o(.ARM.Collect$$libinit$$00000031)
    __rt_lib_init_exceptions_1               0x0800025b   Thumb Code     0  libinit2.o(.ARM.Collect$$libinit$$00000030)
    __rt_lib_init_fp_trap_1                  0x0800025b   Thumb Code     0  libinit2.o(.ARM.Collect$$libinit$$0000001F)
    __rt_lib_init_getenv_1                   0x0800025b   Thumb Code     0  libinit2.o(.ARM.Collect$$libinit$$00000023)
    __rt_lib_init_lc_numeric_1               0x0800025b   Thumb Code     0  libinit2.o(.ARM.Collect$$libinit$$00000017)
    __rt_lib_init_lc_time_1                  0x0800025b   Thumb Code     0  libinit2.o(.ARM.Collect$$libinit$$00000019)
    __rt_lib_init_signal_1                   0x0800025b   Thumb Code     0  libinit2.o(.ARM.Collect$$libinit$$0000001D)
    __rt_lib_init_stdio_1                    0x0800025b   Thumb Code     0  libinit2.o(.ARM.Collect$$libinit$$00000025)
    __rt_lib_init_cpp_1                      0x0800025f   Thumb Code     0  libinit2.o(.ARM.Collect$$libinit$$00000032)
    __rt_lib_init_return                     0x0800025f   Thumb Code     0  libinit2.o(.ARM.Collect$$libinit$$00000033)
    __rt_lib_shutdown                        0x08000261   Thumb Code     0  libshutdown.o(.ARM.Collect$$libshutdown$$00000000)
    __rt_lib_shutdown_cpp_2                  0x08000263   Thumb Code     0  libshutdown2.o(.ARM.Collect$$libshutdown$$00000001)
    __rt_lib_shutdown_cpp_1                  0x08000269   Thumb Code     0  libshutdown2.o(.ARM.Collect$$libshutdown$$00000002)
    __rt_lib_shutdown_fp_trap_1              0x08000269   Thumb Code     0  libshutdown2.o(.ARM.Collect$$libshutdown$$00000007)
    __rt_lib_shutdown_heap_1                 0x08000269   Thumb Code     0  libshutdown2.o(.ARM.Collect$$libshutdown$$0000000F)
    __rt_lib_shutdown_return                 0x08000269   Thumb Code     0  libshutdown2.o(.ARM.Collect$$libshutdown$$00000010)
    __rt_lib_shutdown_signal_1               0x08000269   Thumb Code     0  libshutdown2.o(.ARM.Collect$$libshutdown$$0000000A)
    __rt_lib_shutdown_stdio_1                0x08000269   Thumb Code     0  libshutdown2.o(.ARM.Collect$$libshutdown$$00000004)
    __rt_lib_shutdown_user_alloc_1           0x08000269   Thumb Code     0  libshutdown2.o(.ARM.Collect$$libshutdown$$0000000C)
    __rt_entry                               0x0800026b   Thumb Code     0  __rtentry.o(.ARM.Collect$$rtentry$$00000000)
    __rt_entry_presh_1                       0x0800026b   Thumb Code     0  __rtentry2.o(.ARM.Collect$$rtentry$$00000002)
    __rt_entry_sh                            0x0800026b   Thumb Code     0  __rtentry4.o(.ARM.Collect$$rtentry$$00000004)
    __rt_entry_li                            0x08000271   Thumb Code     0  __rtentry2.o(.ARM.Collect$$rtentry$$0000000A)
    __rt_entry_postsh_1                      0x08000271   Thumb Code     0  __rtentry2.o(.ARM.Collect$$rtentry$$00000009)
    __rt_entry_main                          0x08000275   Thumb Code     0  __rtentry2.o(.ARM.Collect$$rtentry$$0000000D)
    __rt_entry_postli_1                      0x08000275   Thumb Code     0  __rtentry2.o(.ARM.Collect$$rtentry$$0000000C)
    __rt_exit                                0x0800027d   Thumb Code     0  rtexit.o(.ARM.Collect$$rtexit$$00000000)
    __rt_exit_ls                             0x0800027f   Thumb Code     0  rtexit2.o(.ARM.Collect$$rtexit$$00000003)
    __rt_exit_prels_1                        0x0800027f   Thumb Code     0  rtexit2.o(.ARM.Collect$$rtexit$$00000002)
    __rt_exit_exit                           0x08000283   Thumb Code     0  rtexit2.o(.ARM.Collect$$rtexit$$00000004)
    Reset_Handler                            0x08000289   Thumb Code     8  startup_stm32f10x_hd.o(.text)
    _maybe_terminate_alloc                   0x08000289   Thumb Code     0  maybetermalloc1.o(.emb_text)
    ADC1_2_IRQHandler                        0x080002a3   Thumb Code     0  startup_stm32f10x_hd.o(.text)
    ADC3_IRQHandler                          0x080002a3   Thumb Code     0  startup_stm32f10x_hd.o(.text)
    CAN1_RX1_IRQHandler                      0x080002a3   Thumb Code     0  startup_stm32f10x_hd.o(.text)
    CAN1_SCE_IRQHandler                      0x080002a3   Thumb Code     0  startup_stm32f10x_hd.o(.text)
    DMA1_Channel1_IRQHandler                 0x080002a3   Thumb Code     0  startup_stm32f10x_hd.o(.text)
    DMA1_Channel2_IRQHandler                 0x080002a3   Thumb Code     0  startup_stm32f10x_hd.o(.text)
    DMA1_Channel3_IRQHandler                 0x080002a3   Thumb Code     0  startup_stm32f10x_hd.o(.text)
    DMA1_Channel4_IRQHandler                 0x080002a3   Thumb Code     0  startup_stm32f10x_hd.o(.text)
    DMA1_Channel5_IRQHandler                 0x080002a3   Thumb Code     0  startup_stm32f10x_hd.o(.text)
    DMA1_Channel6_IRQHandler                 0x080002a3   Thumb Code     0  startup_stm32f10x_hd.o(.text)
    DMA1_Channel7_IRQHandler                 0x080002a3   Thumb Code     0  startup_stm32f10x_hd.o(.text)
    DMA2_Channel1_IRQHandler                 0x080002a3   Thumb Code     0  startup_stm32f10x_hd.o(.text)
    DMA2_Channel2_IRQHandler                 0x080002a3   Thumb Code     0  startup_stm32f10x_hd.o(.text)
    DMA2_Channel3_IRQHandler                 0x080002a3   Thumb Code     0  startup_stm32f10x_hd.o(.text)
    DMA2_Channel4_5_IRQHandler               0x080002a3   Thumb Code     0  startup_stm32f10x_hd.o(.text)
    EXTI0_IRQHandler                         0x080002a3   Thumb Code     0  startup_stm32f10x_hd.o(.text)
    EXTI15_10_IRQHandler                     0x080002a3   Thumb Code     0  startup_stm32f10x_hd.o(.text)
    EXTI1_IRQHandler                         0x080002a3   Thumb Code     0  startup_stm32f10x_hd.o(.text)
    EXTI2_IRQHandler                         0x080002a3   Thumb Code     0  startup_stm32f10x_hd.o(.text)
    EXTI3_IRQHandler                         0x080002a3   Thumb Code     0  startup_stm32f10x_hd.o(.text)
    EXTI4_IRQHandler                         0x080002a3   Thumb Code     0  startup_stm32f10x_hd.o(.text)
    EXTI9_5_IRQHandler                       0x080002a3   Thumb Code     0  startup_stm32f10x_hd.o(.text)
    FLASH_IRQHandler                         0x080002a3   Thumb Code     0  startup_stm32f10x_hd.o(.text)
    FSMC_IRQHandler                          0x080002a3   Thumb Code     0  startup_stm32f10x_hd.o(.text)
    I2C1_ER_IRQHandler                       0x080002a3   Thumb Code     0  startup_stm32f10x_hd.o(.text)
    I2C1_EV_IRQHandler                       0x080002a3   Thumb Code     0  startup_stm32f10x_hd.o(.text)
    I2C2_ER_IRQHandler                       0x080002a3   Thumb Code     0  startup_stm32f10x_hd.o(.text)
    I2C2_EV_IRQHandler                       0x080002a3   Thumb Code     0  startup_stm32f10x_hd.o(.text)
    PVD_IRQHandler                           0x080002a3   Thumb Code     0  startup_stm32f10x_hd.o(.text)
    RCC_IRQHandler                           0x080002a3   Thumb Code     0  startup_stm32f10x_hd.o(.text)
    RTCAlarm_IRQHandler                      0x080002a3   Thumb Code     0  startup_stm32f10x_hd.o(.text)
    RTC_IRQHandler                           0x080002a3   Thumb Code     0  startup_stm32f10x_hd.o(.text)
    SDIO_IRQHandler                          0x080002a3   Thumb Code     0  startup_stm32f10x_hd.o(.text)
    SPI1_IRQHandler                          0x080002a3   Thumb Code     0  startup_stm32f10x_hd.o(.text)
    SPI2_IRQHandler                          0x080002a3   Thumb Code     0  startup_stm32f10x_hd.o(.text)
    SPI3_IRQHandler                          0x080002a3   Thumb Code     0  startup_stm32f10x_hd.o(.text)
    TAMPER_IRQHandler                        0x080002a3   Thumb Code     0  startup_stm32f10x_hd.o(.text)
    TIM1_BRK_IRQHandler                      0x080002a3   Thumb Code     0  startup_stm32f10x_hd.o(.text)
    TIM1_CC_IRQHandler                       0x080002a3   Thumb Code     0  startup_stm32f10x_hd.o(.text)
    TIM1_TRG_COM_IRQHandler                  0x080002a3   Thumb Code     0  startup_stm32f10x_hd.o(.text)
    TIM1_UP_IRQHandler                       0x080002a3   Thumb Code     0  startup_stm32f10x_hd.o(.text)
    TIM2_IRQHandler                          0x080002a3   Thumb Code     0  startup_stm32f10x_hd.o(.text)
    TIM3_IRQHandler                          0x080002a3   Thumb Code     0  startup_stm32f10x_hd.o(.text)
    TIM4_IRQHandler                          0x080002a3   Thumb Code     0  startup_stm32f10x_hd.o(.text)
    TIM5_IRQHandler                          0x080002a3   Thumb Code     0  startup_stm32f10x_hd.o(.text)
    TIM6_IRQHandler                          0x080002a3   Thumb Code     0  startup_stm32f10x_hd.o(.text)
    TIM7_IRQHandler                          0x080002a3   Thumb Code     0  startup_stm32f10x_hd.o(.text)
    TIM8_BRK_IRQHandler                      0x080002a3   Thumb Code     0  startup_stm32f10x_hd.o(.text)
    TIM8_CC_IRQHandler                       0x080002a3   Thumb Code     0  startup_stm32f10x_hd.o(.text)
    TIM8_TRG_COM_IRQHandler                  0x080002a3   Thumb Code     0  startup_stm32f10x_hd.o(.text)
    TIM8_UP_IRQHandler                       0x080002a3   Thumb Code     0  startup_stm32f10x_hd.o(.text)
    UART4_IRQHandler                         0x080002a3   Thumb Code     0  startup_stm32f10x_hd.o(.text)
    UART5_IRQHandler                         0x080002a3   Thumb Code     0  startup_stm32f10x_hd.o(.text)
    USART2_IRQHandler                        0x080002a3   Thumb Code     0  startup_stm32f10x_hd.o(.text)
    USART3_IRQHandler                        0x080002a3   Thumb Code     0  startup_stm32f10x_hd.o(.text)
    USBWakeUp_IRQHandler                     0x080002a3   Thumb Code     0  startup_stm32f10x_hd.o(.text)
    USB_HP_CAN1_TX_IRQHandler                0x080002a3   Thumb Code     0  startup_stm32f10x_hd.o(.text)
    USB_LP_CAN1_RX0_IRQHandler               0x080002a3   Thumb Code     0  startup_stm32f10x_hd.o(.text)
    WWDG_IRQHandler                          0x080002a3   Thumb Code     0  startup_stm32f10x_hd.o(.text)
    __user_initial_stackheap                 0x080002a5   Thumb Code     0  startup_stm32f10x_hd.o(.text)
    SystemInit                               0x080003a7   Thumb Code    78  system_stm32f10x.o(.text)
    SystemCoreClockUpdate                    0x080003f5   Thumb Code   142  system_stm32f10x.o(.text)
    NMI_Handler                              0x080004a9   Thumb Code     2  stm32f10x_it.o(.text)
    HardFault_Handler                        0x080004ab   Thumb Code     4  stm32f10x_it.o(.text)
    MemManage_Handler                        0x080004af   Thumb Code     4  stm32f10x_it.o(.text)
    BusFault_Handler                         0x080004b3   Thumb Code     4  stm32f10x_it.o(.text)
    UsageFault_Handler                       0x080004b7   Thumb Code     4  stm32f10x_it.o(.text)
    SVC_Handler                              0x080004bb   Thumb Code     2  stm32f10x_it.o(.text)
    DebugMon_Handler                         0x080004bd   Thumb Code     2  stm32f10x_it.o(.text)
    PendSV_Handler                           0x080004bf   Thumb Code     2  stm32f10x_it.o(.text)
    SysTick_Handler                          0x080004c1   Thumb Code     2  stm32f10x_it.o(.text)
    fputc                                    0x080004c3   Thumb Code    14  retarget.o(.text)
    fgetc                                    0x080004d1   Thumb Code    10  retarget.o(.text)
    ferror                                   0x080004db   Thumb Code     8  retarget.o(.text)
    _ttywrch                                 0x080004e3   Thumb Code    12  retarget.o(.text)
    _sys_exit                                0x080004ef   Thumb Code     4  retarget.o(.text)
    init_serial                              0x080004f5   Thumb Code   214  serial.o(.text)
    sendchar                                 0x080005cb   Thumb Code    76  serial.o(.text)
    getkey                                   0x08000617   Thumb Code    22  serial.o(.text)
    USART1_IRQHandler                        0x0800062d   Thumb Code    80  serial.o(.text)
    main                                     0x08000689   Thumb Code    64  main.o(.text)
    assert_failed                            0x080006c9   Thumb Code     4  main.o(.text)
    Printf_CU                                0x0800071d   Thumb Code    38  commonutil.o(.text)
    AssertFailed_CU                          0x08000743   Thumb Code    18  commonutil.o(.text)
    InitPrintf_CU                            0x08000755   Thumb Code     2  commonutil.o(.text)
    CalcPercent                              0x08000757   Thumb Code    58  commonutil.o(.text)
    BasicStorage::BasicStorage__sub_object() 0x080007b1   Thumb Code     6  basicstorage.o(.text)
    BasicStorage::~BasicStorage()            0x080007b7   Thumb Code     0  basicstorage.o(.text)
    BasicStorage::~BasicStorage__sub_object() 0x080007b7   Thumb Code     2  basicstorage.o(.text)
    BasicStorage::~BasicStorage__deallocating() 0x080007b9   Thumb Code    18  basicstorage.o(.text)
    E2PROM::E2PROM(unsigned char, unsigned char, unsigned long, unsigned long) 0x080007d1   Thumb Code    44  e2prom.o(.text)
    E2PROM::E2PROM__sub_object(unsigned char, unsigned char, unsigned long, unsigned long) 0x080007d1   Thumb Code     0  e2prom.o(.text)
    E2PROM::~E2PROM()                        0x080007fd   Thumb Code    16  e2prom.o(.text)
    E2PROM::~E2PROM__sub_object()            0x080007fd   Thumb Code     0  e2prom.o(.text)
    E2PROM::~E2PROM__deallocating()          0x0800080d   Thumb Code    18  e2prom.o(.text)
    E2PROM::InitPort(IICProfile*)            0x0800081f   Thumb Code    34  e2prom.o(.text)
    E2PROM::Write(unsigned long, unsigned char*, unsigned long) 0x08000841   Thumb Code   328  e2prom.o(.text)
    E2PROM::Read(unsigned long, unsigned char*, unsigned long) 0x08000989   Thumb Code    52  e2prom.o(.text)
    E2PROM::WaiteCurActionFinish()           0x080009bd   Thumb Code   140  e2prom.o(.text)
    E2PROM::PageWrite(unsigned long, unsigned char*, unsigned long) 0x08000a49   Thumb Code    62  e2prom.o(.text)
    E2PROM::WriteControl(unsigned char)      0x08000a87   Thumb Code     2  e2prom.o(.text)
    InitIO                                   0x08000aa5   Thumb Code   184  devwrapperio.o(.text)
    InitIIC                                  0x08000b95   Thumb Code   222  devwrapperiic.o(.text)
    WaiteFlag                                0x08000c73   Thumb Code   106  devwrapperiic.o(.text)
    WriteIIC                                 0x08000cdd   Thumb Code   380  devwrapperiic.o(.text)
    ReadIIC                                  0x08000e59   Thumb Code   368  devwrapperiic.o(.text)
    InitSysTick                              0x08000fc9   Thumb Code    52  systick.o(.text)
    SysTick_DelayUs                          0x08000ffd   Thumb Code    74  systick.o(.text)
    SysTick_DelayMs                          0x08001047   Thumb Code    86  systick.o(.text)
    NVIC_PriorityGroupConfig                 0x080010ad   Thumb Code    54  misc.o(.text)
    NVIC_Init                                0x080010e3   Thumb Code   158  misc.o(.text)
    NVIC_SetVectorTable                      0x08001181   Thumb Code    60  misc.o(.text)
    NVIC_SystemLPConfig                      0x080011bd   Thumb Code    78  misc.o(.text)
    SysTick_CLKSourceConfig                  0x0800120b   Thumb Code    62  misc.o(.text)
    DMA_DeInit                               0x08001279   Thumb Code   430  stm32f10x_dma.o(.text)
    DMA_Init                                 0x08001427   Thumb Code   388  stm32f10x_dma.o(.text)
    DMA_StructInit                           0x080015ab   Thumb Code    26  stm32f10x_dma.o(.text)
    DMA_Cmd                                  0x080015c5   Thumb Code   192  stm32f10x_dma.o(.text)
    DMA_ITConfig                             0x08001685   Thumb Code   174  stm32f10x_dma.o(.text)
    DMA_SetCurrDataCounter                   0x08001733   Thumb Code   116  stm32f10x_dma.o(.text)
    DMA_GetCurrDataCounter                   0x080017a7   Thumb Code   116  stm32f10x_dma.o(.text)
    DMA_GetFlagStatus                        0x0800181b   Thumb Code   346  stm32f10x_dma.o(.text)
    DMA_ClearFlag                            0x08001975   Thumb Code    54  stm32f10x_dma.o(.text)
    DMA_GetITStatus                          0x080019ab   Thumb Code   396  stm32f10x_dma.o(.text)
    DMA_ClearITPendingBit                    0x08001b37   Thumb Code    52  stm32f10x_dma.o(.text)
    GPIO_DeInit                              0x08001ba1   Thumb Code   224  stm32f10x_gpio.o(.text)
    GPIO_AFIODeInit                          0x08001c81   Thumb Code    20  stm32f10x_gpio.o(.text)
    GPIO_Init                                0x08001c95   Thumb Code   378  stm32f10x_gpio.o(.text)
    GPIO_StructInit                          0x08001e0f   Thumb Code    16  stm32f10x_gpio.o(.text)
    GPIO_ReadInputDataBit                    0x08001e1f   Thumb Code   170  stm32f10x_gpio.o(.text)
    GPIO_ReadInputData                       0x08001ec9   Thumb Code    64  stm32f10x_gpio.o(.text)
    GPIO_ReadOutputDataBit                   0x08001f09   Thumb Code   232  stm32f10x_gpio.o(.text)
    GPIO_ReadOutputData                      0x08001ff1   Thumb Code    66  stm32f10x_gpio.o(.text)
    GPIO_SetBits                             0x08002033   Thumb Code    86  stm32f10x_gpio.o(.text)
    GPIO_ResetBits                           0x08002089   Thumb Code    86  stm32f10x_gpio.o(.text)
    GPIO_WriteBit                            0x080020df   Thumb Code   188  stm32f10x_gpio.o(.text)
    GPIO_Write                               0x0800219b   Thumb Code    66  stm32f10x_gpio.o(.text)
    GPIO_PinLockConfig                       0x080021dd   Thumb Code   100  stm32f10x_gpio.o(.text)
    GPIO_EventOutputConfig                   0x08002241   Thumb Code   138  stm32f10x_gpio.o(.text)
    GPIO_EventOutputCmd                      0x080022cb   Thumb Code    30  stm32f10x_gpio.o(.text)
    GPIO_PinRemapConfig                      0x080022e9   Thumb Code   552  stm32f10x_gpio.o(.text)
    GPIO_EXTILineConfig                      0x08002511   Thumb Code   186  stm32f10x_gpio.o(.text)
    GPIO_ETH_MediaInterfaceConfig            0x080025cb   Thumb Code    30  stm32f10x_gpio.o(.text)
    I2C_DeInit                               0x08002605   Thumb Code    72  stm32f10x_i2c.o(.text)
    I2C_Init                                 0x0800264d   Thumb Code   386  stm32f10x_i2c.o(.text)
    I2C_StructInit                           0x080027cf   Thumb Code    30  stm32f10x_i2c.o(.text)
    I2C_Cmd                                  0x080027ed   Thumb Code    72  stm32f10x_i2c.o(.text)
    I2C_DMACmd                               0x08002835   Thumb Code    72  stm32f10x_i2c.o(.text)
    I2C_DMALastTransferCmd                   0x0800287d   Thumb Code    72  stm32f10x_i2c.o(.text)
    I2C_GenerateSTART                        0x080028c5   Thumb Code    72  stm32f10x_i2c.o(.text)
    I2C_GenerateSTOP                         0x0800290d   Thumb Code    72  stm32f10x_i2c.o(.text)
    I2C_AcknowledgeConfig                    0x08002955   Thumb Code    72  stm32f10x_i2c.o(.text)
    I2C_OwnAddress2Config                    0x0800299d   Thumb Code    50  stm32f10x_i2c.o(.text)
    I2C_DualAddressCmd                       0x080029cf   Thumb Code   130  stm32f10x_i2c.o(.text)
    I2C_GeneralCallCmd                       0x08002a51   Thumb Code    76  stm32f10x_i2c.o(.text)
    I2C_ITConfig                             0x08002a9d   Thumb Code    96  stm32f10x_i2c.o(.text)
    I2C_SendData                             0x08002afd   Thumb Code    36  stm32f10x_i2c.o(.text)
    I2C_ReceiveData                          0x08002b21   Thumb Code    36  stm32f10x_i2c.o(.text)
    I2C_Send7bitAddress                      0x08002b45   Thumb Code    72  stm32f10x_i2c.o(.text)
    I2C_ReadRegister                         0x08002b8d   Thumb Code    98  stm32f10x_i2c.o(.text)
    I2C_SoftwareResetCmd                     0x08002bef   Thumb Code    74  stm32f10x_i2c.o(.text)
    I2C_NACKPositionConfig                   0x08002c39   Thumb Code    88  stm32f10x_i2c.o(.text)
    I2C_SMBusAlertConfig                     0x08002c91   Thumb Code    88  stm32f10x_i2c.o(.text)
    I2C_TransmitPEC                          0x08002ce9   Thumb Code    76  stm32f10x_i2c.o(.text)
    I2C_PECPositionConfig                    0x08002d35   Thumb Code    88  stm32f10x_i2c.o(.text)
    I2C_CalculatePEC                         0x08002d8d   Thumb Code    76  stm32f10x_i2c.o(.text)
    I2C_GetPEC                               0x08002dd9   Thumb Code    36  stm32f10x_i2c.o(.text)
    I2C_ARPCmd                               0x08002dfd   Thumb Code    84  stm32f10x_i2c.o(.text)
    I2C_StretchClockCmd                      0x08002e51   Thumb Code    76  stm32f10x_i2c.o(.text)
    I2C_FastModeDutyCycleConfig              0x08002e9d   Thumb Code    88  stm32f10x_i2c.o(.text)
    I2C_CheckEvent                           0x08002ef5   Thumb Code   226  stm32f10x_i2c.o(.text)
    I2C_GetLastEvent                         0x08002fd7   Thumb Code    58  stm32f10x_i2c.o(.text)
    I2C_GetFlagStatus                        0x08003011   Thumb Code   236  stm32f10x_i2c.o(.text)
    I2C_ClearFlag                            0x080030fd   Thumb Code    68  stm32f10x_i2c.o(.text)
    I2C_GetITStatus                          0x08003141   Thumb Code   174  stm32f10x_i2c.o(.text)
    I2C_ClearITPendingBit                    0x080031ef   Thumb Code   166  stm32f10x_i2c.o(.text)
    RCC_DeInit                               0x08003295   Thumb Code    64  stm32f10x_rcc.o(.text)
    RCC_HSEConfig                            0x080032d5   Thumb Code   100  stm32f10x_rcc.o(.text)
    RCC_GetFlagStatus                        0x08003339   Thumb Code   118  stm32f10x_rcc.o(.text)
    RCC_WaitForHSEStartUp                    0x080033af   Thumb Code    56  stm32f10x_rcc.o(.text)
    RCC_AdjustHSICalibrationValue            0x080033e7   Thumb Code    38  stm32f10x_rcc.o(.text)
    RCC_HSICmd                               0x0800340d   Thumb Code    28  stm32f10x_rcc.o(.text)
    RCC_PLLConfig                            0x08003429   Thumb Code   152  stm32f10x_rcc.o(.text)
    RCC_PLLCmd                               0x080034c1   Thumb Code    28  stm32f10x_rcc.o(.text)
    RCC_SYSCLKConfig                         0x080034dd   Thumb Code    42  stm32f10x_rcc.o(.text)
    RCC_GetSYSCLKSource                      0x08003507   Thumb Code    10  stm32f10x_rcc.o(.text)
    RCC_HCLKConfig                           0x08003511   Thumb Code    66  stm32f10x_rcc.o(.text)
    RCC_PCLK1Config                          0x08003553   Thumb Code    58  stm32f10x_rcc.o(.text)
    RCC_PCLK2Config                          0x0800358d   Thumb Code    60  stm32f10x_rcc.o(.text)
    RCC_ITConfig                             0x080035c9   Thumb Code    70  stm32f10x_rcc.o(.text)
    RCC_USBCLKConfig                         0x0800360f   Thumb Code    30  stm32f10x_rcc.o(.text)
    RCC_ADCCLKConfig                         0x0800362d   Thumb Code    52  stm32f10x_rcc.o(.text)
    RCC_LSEConfig                            0x08003661   Thumb Code   122  stm32f10x_rcc.o(.text)
    RCC_LSICmd                               0x080036db   Thumb Code    30  stm32f10x_rcc.o(.text)
    RCC_RTCCLKConfig                         0x080036f9   Thumb Code    52  stm32f10x_rcc.o(.text)
    RCC_RTCCLKCmd                            0x0800372d   Thumb Code    32  stm32f10x_rcc.o(.text)
    RCC_GetClocksFreq                        0x0800374d   Thumb Code   208  stm32f10x_rcc.o(.text)
    RCC_AHBPeriphClockCmd                    0x0800381d   Thumb Code    86  stm32f10x_rcc.o(.text)
    RCC_APB2PeriphClockCmd                   0x08003873   Thumb Code    82  stm32f10x_rcc.o(.text)
    RCC_APB1PeriphClockCmd                   0x080038c5   Thumb Code    82  stm32f10x_rcc.o(.text)
    RCC_APB2PeriphResetCmd                   0x08003917   Thumb Code    82  stm32f10x_rcc.o(.text)
    RCC_APB1PeriphResetCmd                   0x08003969   Thumb Code    82  stm32f10x_rcc.o(.text)
    RCC_BackupResetCmd                       0x080039bb   Thumb Code    32  stm32f10x_rcc.o(.text)
    RCC_ClockSecuritySystemCmd               0x080039db   Thumb Code    30  stm32f10x_rcc.o(.text)
    RCC_MCOConfig                            0x080039f9   Thumb Code    44  stm32f10x_rcc.o(.text)
    RCC_ClearFlag                            0x08003a25   Thumb Code    18  stm32f10x_rcc.o(.text)
    RCC_GetITStatus                          0x08003a37   Thumb Code    64  stm32f10x_rcc.o(.text)
    RCC_ClearITPendingBit                    0x08003a77   Thumb Code    34  stm32f10x_rcc.o(.text)
    USART_DeInit                             0x08003abd   Thumb Code   174  stm32f10x_usart.o(.text)
    USART_Init                               0x08003b6b   Thumb Code   450  stm32f10x_usart.o(.text)
    USART_StructInit                         0x08003d2d   Thumb Code    24  stm32f10x_usart.o(.text)
    USART_ClockInit                          0x08003d45   Thumb Code   162  stm32f10x_usart.o(.text)
    USART_ClockStructInit                    0x08003de7   Thumb Code    12  stm32f10x_usart.o(.text)
    USART_Cmd                                0x08003df3   Thumb Code    90  stm32f10x_usart.o(.text)
    USART_ITConfig                           0x08003e4d   Thumb Code   312  stm32f10x_usart.o(.text)
    USART_DMACmd                             0x08003f85   Thumb Code   114  stm32f10x_usart.o(.text)
    USART_SetAddress                         0x08003ff7   Thumb Code    86  stm32f10x_usart.o(.text)
    USART_WakeUpConfig                       0x0800404d   Thumb Code    90  stm32f10x_usart.o(.text)
    USART_ReceiverWakeUpCmd                  0x080040a7   Thumb Code    94  stm32f10x_usart.o(.text)
    USART_LINBreakDetectLengthConfig         0x08004105   Thumb Code    88  stm32f10x_usart.o(.text)
    USART_LINCmd                             0x0800415d   Thumb Code    94  stm32f10x_usart.o(.text)
    USART_SendData                           0x080041bb   Thumb Code    78  stm32f10x_usart.o(.text)
    USART_ReceiveData                        0x08004209   Thumb Code    56  stm32f10x_usart.o(.text)
    USART_SendBreak                          0x08004241   Thumb Code    58  stm32f10x_usart.o(.text)
    USART_SetGuardTime                       0x0800427b   Thumb Code    54  stm32f10x_usart.o(.text)
    USART_SetPrescaler                       0x080042b1   Thumb Code    66  stm32f10x_usart.o(.text)
    USART_SmartCardCmd                       0x080042f3   Thumb Code   102  stm32f10x_usart.o(.text)
    USART_SmartCardNACKCmd                   0x08004359   Thumb Code    82  stm32f10x_usart.o(.text)
    USART_HalfDuplexCmd                      0x080043ab   Thumb Code    94  stm32f10x_usart.o(.text)
    USART_OverSampling8Cmd                   0x08004409   Thumb Code    92  stm32f10x_usart.o(.text)
    USART_OneBitMethodCmd                    0x08004465   Thumb Code    94  stm32f10x_usart.o(.text)
    USART_IrDAConfig                         0x080044c3   Thumb Code    88  stm32f10x_usart.o(.text)
    USART_IrDACmd                            0x0800451b   Thumb Code    94  stm32f10x_usart.o(.text)
    USART_GetFlagStatus                      0x08004579   Thumb Code   164  stm32f10x_usart.o(.text)
    USART_ClearFlag                          0x0800461d   Thumb Code   122  stm32f10x_usart.o(.text)
    USART_GetITStatus                        0x08004697   Thumb Code   280  stm32f10x_usart.o(.text)
    USART_ClearITPendingBit                  0x080047af   Thumb Code   158  stm32f10x_usart.o(.text)
    __I$use$semihosting                      0x08004861   Thumb Code     0  use_no_semi.o(.text)
    __use_no_semihosting_swi                 0x08004861   Thumb Code     2  use_no_semi.o(.text)
    __c89vsnprintf                           0x08004865   Thumb Code    48  c89vsnprintf.o(.text)
    puts                                     0x08004899   Thumb Code    40  puts.o(.text)
    __aeabi_atexit                           0x080048c5   Thumb Code    46  aeabi_atexit.o(.text)
    __aeabi_memcpy4                          0x080048f3   Thumb Code     0  rt_memcpy_w.o(.text)
    __aeabi_memcpy8                          0x080048f3   Thumb Code     0  rt_memcpy_w.o(.text)
    __rt_memcpy_w                            0x080048f3   Thumb Code   100  rt_memcpy_w.o(.text)
    _memcpy_lastbytes_aligned                0x0800493b   Thumb Code     0  rt_memcpy_w.o(.text)
    __use_two_region_memory                  0x08004957   Thumb Code     2  heapauxi.o(.text)
    __rt_heap_escrow                         0x08004959   Thumb Code     2  heapauxi.o(.text)
    __rt_heap_expand                         0x0800495b   Thumb Code     2  heapauxi.o(.text)
    __cpp_initialize__aeabi_                 0x0800495d   Thumb Code    26  init_aeabi.o(.text)
    __rt_ctype_table                         0x08004981   Thumb Code    16  rt_ctype_table.o(.text)
    __rt_ddtor_pointer_addr                  0x08004991   Thumb Code     8  rt_ddtor_pointer_addr_intlibspace.o(.text)
    malloc                                   0x08004999   Thumb Code    94  h1_alloc.o(.text)
    free                                     0x080049f7   Thumb Code    78  h1_free.o(.text)
    _printf_pre_padding                      0x08004a45   Thumb Code    44  _printf_pad.o(.text)
    _printf_post_padding                     0x08004a71   Thumb Code    34  _printf_pad.o(.text)
    _printf_truncate_signed                  0x08004a93   Thumb Code    18  _printf_truncate.o(.text)
    _printf_truncate_unsigned                0x08004aa5   Thumb Code    18  _printf_truncate.o(.text)
    _printf_str                              0x08004ab7   Thumb Code    82  _printf_str.o(.text)
    _printf_int_dec                          0x08004b09   Thumb Code   104  _printf_dec.o(.text)
    _printf_charcount                        0x08004b81   Thumb Code    40  _printf_charcount.o(.text)
    _printf_char_common                      0x08004bb3   Thumb Code    32  _printf_char_common.o(.text)
    _sputc                                   0x08004bd9   Thumb Code    10  _sputc.o(.text)
    _snputc                                  0x08004be3   Thumb Code    16  _snputc.o(.text)
    _printf_wctomb                           0x08004bf5   Thumb Code   182  _printf_wctomb.o(.text)
    _printf_longlong_dec                     0x08004cb1   Thumb Code   108  _printf_longlong_dec.o(.text)
    _printf_longlong_oct                     0x08004d2d   Thumb Code    68  _printf_oct_int_ll.o(.text)
    _printf_int_oct                          0x08004d71   Thumb Code    24  _printf_oct_int_ll.o(.text)
    _printf_ll_oct                           0x08004d89   Thumb Code    12  _printf_oct_int_ll.o(.text)
    _printf_longlong_hex                     0x08004d9d   Thumb Code    86  _printf_hex_int_ll_ptr.o(.text)
    _printf_int_hex                          0x08004df3   Thumb Code    28  _printf_hex_int_ll_ptr.o(.text)
    _printf_ll_hex                           0x08004e0f   Thumb Code    12  _printf_hex_int_ll_ptr.o(.text)
    _printf_hex_ptr                          0x08004e1b   Thumb Code    18  _printf_hex_int_ll_ptr.o(.text)
    __printf                                 0x08004e31   Thumb Code   388  __printf_flags_ss_wp.o(.text)
    __cxa_finalize                           0x08004fb9   Thumb Code    66  cxa_finalize.o(.text)
    __user_libspace                          0x08004ffd   Thumb Code     8  libspace.o(.text)
    __user_perproc_libspace                  0x08004ffd   Thumb Code     0  libspace.o(.text)
    __user_perthread_libspace                0x08004ffd   Thumb Code     0  libspace.o(.text)
    __rt_heap_descriptor                     0x08005005   Thumb Code     8  rt_heap_descriptor_intlibspace.o(.text)
    __rt_locale                              0x0800500d   Thumb Code     8  rt_locale_intlibspace.o(.text)
    __use_no_heap                            0x08005015   Thumb Code     2  hguard.o(.text)
    __heap$guard                             0x08005017   Thumb Code     2  hguard.o(.text)
    _terminate_user_alloc                    0x08005019   Thumb Code     2  init_alloc.o(.text)
    _init_user_alloc                         0x0800501b   Thumb Code     2  init_alloc.o(.text)
    __Heap_Full                              0x0800501d   Thumb Code    34  init_alloc.o(.text)
    __Heap_Broken                            0x0800503f   Thumb Code     6  init_alloc.o(.text)
    _init_alloc                              0x08005045   Thumb Code    94  init_alloc.o(.text)
    __Heap_Initialize                        0x080050a3   Thumb Code    10  h1_init.o(.text)
    __Heap_DescSize                          0x080050ad   Thumb Code     4  h1_init.o(.text)
    _ll_udiv10                               0x080050b1   Thumb Code   138  lludiv10.o(.text)
    _printf_int_common                       0x0800513b   Thumb Code   178  _printf_intcommon.o(.text)
    __lib_sel_fp_printf                      0x080051ed   Thumb Code     2  _printf_fp_dec.o(.text)
    _printf_fp_dec_real                      0x0800539b   Thumb Code   620  _printf_fp_dec.o(.text)
    _printf_cs_common                        0x08005607   Thumb Code    20  _printf_char.o(.text)
    _printf_char                             0x0800561b   Thumb Code    16  _printf_char.o(.text)
    _printf_string                           0x0800562b   Thumb Code     8  _printf_char.o(.text)
    _printf_lcs_common                       0x08005633   Thumb Code    20  _printf_wchar.o(.text)
    _printf_wchar                            0x08005647   Thumb Code    16  _printf_wchar.o(.text)
    _printf_wstring                          0x08005657   Thumb Code     8  _printf_wchar.o(.text)
    _wcrtomb                                 0x0800565f   Thumb Code    64  _wcrtomb.o(.text)
    __sig_exit                               0x0800569f   Thumb Code    10  defsig_exit.o(.text)
    __user_setup_stackheap                   0x080056a9   Thumb Code    74  sys_stackheap_outer.o(.text)
    __Heap_ProvideMemory                     0x080056f3   Thumb Code    52  h1_extend.o(.text)
    _printf_fp_infnan                        0x08005729   Thumb Code   112  _printf_fp_infnan.o(.text)
    _btod_etento                             0x080057a9   Thumb Code   216  bigflt0.o(.text)
    exit                                     0x08005885   Thumb Code    18  exit.o(.text)
    __default_signal_display                 0x08005897   Thumb Code    50  defsig_general.o(.text)
    __rt_SIGRTMEM                            0x080058c9   Thumb Code    14  defsig_rtmem_outer.o(.text)
    strcmp                                   0x080058d9   Thumb Code   128  strcmpv7m.o(.text)
    __rt_SIGRTMEM_inner                      0x08005959   Thumb Code    22  defsig_rtmem_inner.o(.text)
    _btod_d2e                                0x080059a9   Thumb Code    62  btod.o(CL$$btod_d2e)
    _d2e_denorm_low                          0x080059e7   Thumb Code    70  btod.o(CL$$btod_d2e_denorm_low)
    _d2e_norm_op1                            0x08005a2d   Thumb Code    96  btod.o(CL$$btod_d2e_norm_op1)
    __btod_div_common                        0x08005a8d   Thumb Code   696  btod.o(CL$$btod_div_common)
    _e2e                                     0x08005dc5   Thumb Code   198  btod.o(CL$$btod_e2e)
    _btod_ediv                               0x08005e8b   Thumb Code    40  btod.o(CL$$btod_ediv)
    _btod_emul                               0x08005eb3   Thumb Code    40  btod.o(CL$$btod_emul)
    __btod_mult_common                       0x08005edb   Thumb Code   580  btod.o(CL$$btod_mult_common)
    operator delete (void*)                  0x0800611f   Thumb Code     8  delete.o(i._ZdlPv)
    __ARM_fpclassify                         0x08006127   Thumb Code    40  fpclassify.o(i.__ARM_fpclassify)
    _is_digit                                0x0800614f   Thumb Code    14  __printf_wp.o(i._is_digit)
    _get_lc_ctype                            0x0800615d   Thumb Code    44  lc_ctype_c.o(locale$$code)
    _get_lc_numeric                          0x08006189   Thumb Code    44  lc_numeric_c.o(locale$$code)
    __aeabi_fdiv                             0x080061b5   Thumb Code     0  fdiv.o(x$fpl$fdiv)
    _fdiv                                    0x080061b5   Thumb Code   384  fdiv.o(x$fpl$fdiv)
    __aeabi_f2uiz                            0x08006339   Thumb Code     0  ffixu.o(x$fpl$ffixu)
    _ffixu                                   0x08006339   Thumb Code    62  ffixu.o(x$fpl$ffixu)
    __aeabi_ui2f                             0x08006379   Thumb Code     0  fflt_clz.o(x$fpl$ffltu)
    _ffltu                                   0x08006379   Thumb Code    38  fflt_clz.o(x$fpl$ffltu)
    __aeabi_fmul                             0x080063a1   Thumb Code     0  fmul.o(x$fpl$fmul)
    _fmul                                    0x080063a1   Thumb Code   258  fmul.o(x$fpl$fmul)
    __fpl_fnaninf                            0x080064a3   Thumb Code   140  fnaninf.o(x$fpl$fnaninf)
    __fpl_fretinf                            0x0800652f   Thumb Code    10  fretinf.o(x$fpl$fretinf)
    _printf_fp_dec                           0x08006539   Thumb Code     4  printf1.o(x$fpl$printf1)
    __I$use$fp                               0x0800653c   Number         0  usenofp.o(x$fpl$usenofp)
    vtable for BasicStorage                  0x08006614   Data          36  basicstorage.o(.constdata__ZTV12BasicStorage)
    vtable for E2PROM                        0x08006638   Data          36  e2prom.o(.constdata__ZTV6E2PROM)
    Region$$Table$$Base                      0x0800665c   Number         0  anon$$obj.o(Region$$Table)
    Region$$Table$$Limit                     0x0800667c   Number         0  anon$$obj.o(Region$$Table)
    __ctype                                  0x08006689   Data           0  lc_ctype_c.o(locale$$data)
    SHT$$INIT_ARRAY$$Base                    0x080067a8   Number         0  main.o(.init_array)
    SHT$$INIT_ARRAY$$Limit                   0x080067ac   Number         0  init_aeabi.o(.init_array)
    SystemCoreClock                          0x20000000   Data           4  system_stm32f10x.o(.data)
    AHBPrescTable                            0x20000004   Data          16  system_stm32f10x.o(.data)
    __stdout                                 0x20000014   Data           4  retarget.o(.data)
    __stdin                                  0x20000018   Data           4  retarget.o(.data)
    g_iicDMA_InitStructure                   0x2000072c   Data          44  devwrapperiic.o(.bss)
    __libspace_start                         0x20000758   Data          96  libspace.o(.bss)
    __temporary_stack_top$libspace           0x200007b8   Data           0  libspace.o(.bss)



==============================================================================

Memory Map of the image

  Image Entry point : 0x08000131

  Load Region LR_IROM1 (Base: 0x08000000, Size: 0x0000686c, Max: 0x00040000, ABSOLUTE)

    Execution Region ER_IROM1 (Base: 0x08000000, Size: 0x000067ac, Max: 0x00040000, ABSOLUTE)

    Base Addr    Size         Type   Attr      Idx    E Section Name        Object

    0x08000000   0x00000130   Data   RO            3    RESET               startup_stm32f10x_hd.o
    0x08000130   0x00000008   Code   RO          889  * !!!main             c_w.l(__main.o)
    0x08000138   0x00000034   Code   RO         1495    !!!scatter          c_w.l(__scatter.o)
    0x0800016c   0x0000001a   Code   RO         1497    !!handler_copy      c_w.l(__scatter_copy.o)
    0x08000186   0x00000002   PAD
    0x08000188   0x0000001c   Code   RO         1499    !!handler_zi        c_w.l(__scatter_zi.o)
    0x080001a4   0x00000000   Code   RO         1178    .ARM.Collect$$_printf_percent$$00000000  c_w.l(_printf_percent.o)
    0x080001a4   0x00000006   Code   RO         1167    .ARM.Collect$$_printf_percent$$00000001  c_w.l(_printf_n.o)
    0x080001aa   0x00000006   Code   RO         1169    .ARM.Collect$$_printf_percent$$00000002  c_w.l(_printf_p.o)
    0x080001b0   0x00000006   Code   RO         1174    .ARM.Collect$$_printf_percent$$00000003  c_w.l(_printf_f.o)
    0x080001b6   0x00000006   Code   RO         1175    .ARM.Collect$$_printf_percent$$00000004  c_w.l(_printf_e.o)
    0x080001bc   0x00000006   Code   RO         1176    .ARM.Collect$$_printf_percent$$00000005  c_w.l(_printf_g.o)
    0x080001c2   0x00000006   Code   RO         1177    .ARM.Collect$$_printf_percent$$00000006  c_w.l(_printf_a.o)
    0x080001c8   0x0000000a   Code   RO         1182    .ARM.Collect$$_printf_percent$$00000007  c_w.l(_printf_ll.o)
    0x080001d2   0x00000006   Code   RO         1171    .ARM.Collect$$_printf_percent$$00000008  c_w.l(_printf_i.o)
    0x080001d8   0x00000006   Code   RO         1172    .ARM.Collect$$_printf_percent$$00000009  c_w.l(_printf_d.o)
    0x080001de   0x00000006   Code   RO         1173    .ARM.Collect$$_printf_percent$$0000000A  c_w.l(_printf_u.o)
    0x080001e4   0x00000006   Code   RO         1170    .ARM.Collect$$_printf_percent$$0000000B  c_w.l(_printf_o.o)
    0x080001ea   0x00000006   Code   RO         1168    .ARM.Collect$$_printf_percent$$0000000C  c_w.l(_printf_x.o)
    0x080001f0   0x00000006   Code   RO         1179    .ARM.Collect$$_printf_percent$$0000000D  c_w.l(_printf_lli.o)
    0x080001f6   0x00000006   Code   RO         1180    .ARM.Collect$$_printf_percent$$0000000E  c_w.l(_printf_lld.o)
    0x080001fc   0x00000006   Code   RO         1181    .ARM.Collect$$_printf_percent$$0000000F  c_w.l(_printf_llu.o)
    0x08000202   0x00000006   Code   RO         1186    .ARM.Collect$$_printf_percent$$00000010  c_w.l(_printf_llo.o)
    0x08000208   0x00000006   Code   RO         1187    .ARM.Collect$$_printf_percent$$00000011  c_w.l(_printf_llx.o)
    0x0800020e   0x0000000a   Code   RO         1183    .ARM.Collect$$_printf_percent$$00000012  c_w.l(_printf_l.o)
    0x08000218   0x00000006   Code   RO         1165    .ARM.Collect$$_printf_percent$$00000013  c_w.l(_printf_c.o)
    0x0800021e   0x00000006   Code   RO         1166    .ARM.Collect$$_printf_percent$$00000014  c_w.l(_printf_s.o)
    0x08000224   0x00000006   Code   RO         1184    .ARM.Collect$$_printf_percent$$00000015  c_w.l(_printf_lc.o)
    0x0800022a   0x00000006   Code   RO         1185    .ARM.Collect$$_printf_percent$$00000016  c_w.l(_printf_ls.o)
    0x08000230   0x00000004   Code   RO         1326    .ARM.Collect$$_printf_percent$$00000017  c_w.l(_printf_percent_end.o)
    0x08000234   0x00000002   Code   RO         1444    .ARM.Collect$$libinit$$00000000  c_w.l(libinit.o)
    0x08000236   0x00000000   Code   RO         1198    .ARM.Collect$$libinit$$00000002  c_w.l(libinit2.o)
    0x08000236   0x00000000   Code   RO         1200    .ARM.Collect$$libinit$$00000004  c_w.l(libinit2.o)
    0x08000236   0x00000008   Code   RO         1201    .ARM.Collect$$libinit$$00000005  c_w.l(libinit2.o)
    0x0800023e   0x00000000   Code   RO         1203    .ARM.Collect$$libinit$$0000000A  c_w.l(libinit2.o)
    0x0800023e   0x00000000   Code   RO         1205    .ARM.Collect$$libinit$$0000000C  c_w.l(libinit2.o)
    0x0800023e   0x00000000   Code   RO         1207    .ARM.Collect$$libinit$$0000000E  c_w.l(libinit2.o)
    0x0800023e   0x00000006   Code   RO         1208    .ARM.Collect$$libinit$$0000000F  c_w.l(libinit2.o)
    0x08000244   0x00000000   Code   RO         1210    .ARM.Collect$$libinit$$00000011  c_w.l(libinit2.o)
    0x08000244   0x0000000c   Code   RO         1211    .ARM.Collect$$libinit$$00000012  c_w.l(libinit2.o)
    0x08000250   0x00000000   Code   RO         1212    .ARM.Collect$$libinit$$00000013  c_w.l(libinit2.o)
    0x08000250   0x00000000   Code   RO         1214    .ARM.Collect$$libinit$$00000015  c_w.l(libinit2.o)
    0x08000250   0x0000000a   Code   RO         1215    .ARM.Collect$$libinit$$00000016  c_w.l(libinit2.o)
    0x0800025a   0x00000000   Code   RO         1216    .ARM.Collect$$libinit$$00000017  c_w.l(libinit2.o)
    0x0800025a   0x00000000   Code   RO         1218    .ARM.Collect$$libinit$$00000019  c_w.l(libinit2.o)
    0x0800025a   0x00000000   Code   RO         1220    .ARM.Collect$$libinit$$0000001B  c_w.l(libinit2.o)
    0x0800025a   0x00000000   Code   RO         1222    .ARM.Collect$$libinit$$0000001D  c_w.l(libinit2.o)
    0x0800025a   0x00000000   Code   RO         1224    .ARM.Collect$$libinit$$0000001F  c_w.l(libinit2.o)
    0x0800025a   0x00000000   Code   RO         1226    .ARM.Collect$$libinit$$00000021  c_w.l(libinit2.o)
    0x0800025a   0x00000000   Code   RO         1228    .ARM.Collect$$libinit$$00000023  c_w.l(libinit2.o)
    0x0800025a   0x00000000   Code   RO         1230    .ARM.Collect$$libinit$$00000025  c_w.l(libinit2.o)
    0x0800025a   0x00000000   Code   RO         1234    .ARM.Collect$$libinit$$0000002C  c_w.l(libinit2.o)
    0x0800025a   0x00000000   Code   RO         1236    .ARM.Collect$$libinit$$0000002E  c_w.l(libinit2.o)
    0x0800025a   0x00000000   Code   RO         1238    .ARM.Collect$$libinit$$00000030  c_w.l(libinit2.o)
    0x0800025a   0x00000004   Code   RO         1239    .ARM.Collect$$libinit$$00000031  c_w.l(libinit2.o)
    0x0800025e   0x00000000   Code   RO         1240    .ARM.Collect$$libinit$$00000032  c_w.l(libinit2.o)
    0x0800025e   0x00000002   Code   RO         1241    .ARM.Collect$$libinit$$00000033  c_w.l(libinit2.o)
    0x08000260   0x00000002   Code   RO         1492    .ARM.Collect$$libshutdown$$00000000  c_w.l(libshutdown.o)
    0x08000262   0x00000006   Code   RO         1340    .ARM.Collect$$libshutdown$$00000001  c_w.l(libshutdown2.o)
    0x08000268   0x00000000   Code   RO         1341    .ARM.Collect$$libshutdown$$00000002  c_w.l(libshutdown2.o)
    0x08000268   0x00000000   Code   RO         1343    .ARM.Collect$$libshutdown$$00000004  c_w.l(libshutdown2.o)
    0x08000268   0x00000000   Code   RO         1346    .ARM.Collect$$libshutdown$$00000007  c_w.l(libshutdown2.o)
    0x08000268   0x00000000   Code   RO         1349    .ARM.Collect$$libshutdown$$0000000A  c_w.l(libshutdown2.o)
    0x08000268   0x00000000   Code   RO         1351    .ARM.Collect$$libshutdown$$0000000C  c_w.l(libshutdown2.o)
    0x08000268   0x00000000   Code   RO         1354    .ARM.Collect$$libshutdown$$0000000F  c_w.l(libshutdown2.o)
    0x08000268   0x00000002   Code   RO         1355    .ARM.Collect$$libshutdown$$00000010  c_w.l(libshutdown2.o)
    0x0800026a   0x00000000   Code   RO         1025    .ARM.Collect$$rtentry$$00000000  c_w.l(__rtentry.o)
    0x0800026a   0x00000000   Code   RO         1268    .ARM.Collect$$rtentry$$00000002  c_w.l(__rtentry2.o)
    0x0800026a   0x00000006   Code   RO         1280    .ARM.Collect$$rtentry$$00000004  c_w.l(__rtentry4.o)
    0x08000270   0x00000000   Code   RO         1270    .ARM.Collect$$rtentry$$00000009  c_w.l(__rtentry2.o)
    0x08000270   0x00000004   Code   RO         1271    .ARM.Collect$$rtentry$$0000000A  c_w.l(__rtentry2.o)
    0x08000274   0x00000000   Code   RO         1273    .ARM.Collect$$rtentry$$0000000C  c_w.l(__rtentry2.o)
    0x08000274   0x00000008   Code   RO         1274    .ARM.Collect$$rtentry$$0000000D  c_w.l(__rtentry2.o)
    0x0800027c   0x00000002   Code   RO         1453    .ARM.Collect$$rtexit$$00000000  c_w.l(rtexit.o)
    0x0800027e   0x00000000   Code   RO         1466    .ARM.Collect$$rtexit$$00000002  c_w.l(rtexit2.o)
    0x0800027e   0x00000004   Code   RO         1467    .ARM.Collect$$rtexit$$00000003  c_w.l(rtexit2.o)
    0x08000282   0x00000006   Code   RO         1468    .ARM.Collect$$rtexit$$00000004  c_w.l(rtexit2.o)
    0x08000288   0x00000000   Code   RO         1382    .emb_text           c_w.l(maybetermalloc1.o)
    0x08000288   0x00000040   Code   RO            4    .text               startup_stm32f10x_hd.o
    0x080002c8   0x000001e0   Code   RO           24    .text               system_stm32f10x.o
    0x080004a8   0x0000001a   Code   RO           73    .text               stm32f10x_it.o
    0x080004c2   0x00000030   Code   RO          105    .text               retarget.o
    0x080004f2   0x00000002   PAD
    0x080004f4   0x00000194   Code   RO          130    .text               serial.o
    0x08000688   0x00000094   Code   RO          190    .text               main.o
    0x0800071c   0x00000094   Code   RO          354    .text               commonutil.o
    0x080007b0   0x00000020   Code   RO          374    .text               basicstorage.o
    0x080007d0   0x000002d4   Code   RO          423    .text               e2prom.o
    0x08000aa4   0x000000f0   Code   RO          443    .text               devwrapperio.o
    0x08000b94   0x00000434   Code   RO          461    .text               devwrapperiic.o
    0x08000fc8   0x000000e4   Code   RO          518    .text               systick.o
    0x080010ac   0x000001cc   Code   RO          535    .text               misc.o
    0x08001278   0x00000928   Code   RO          631    .text               stm32f10x_dma.o
    0x08001ba0   0x00000a64   Code   RO          685    .text               stm32f10x_gpio.o
    0x08002604   0x00000c90   Code   RO          697    .text               stm32f10x_i2c.o
    0x08003294   0x00000828   Code   RO          739    .text               stm32f10x_rcc.o
    0x08003abc   0x00000da4   Code   RO          807    .text               stm32f10x_usart.o
    0x08004860   0x00000002   Code   RO          851    .text               c_w.l(use_no_semi.o)
    0x08004862   0x00000002   PAD
    0x08004864   0x00000034   Code   RO          855    .text               c_w.l(c89vsnprintf.o)
    0x08004898   0x0000002c   Code   RO          857    .text               c_w.l(puts.o)
    0x080048c4   0x0000002e   Code   RO          862    .text               c_w.l(aeabi_atexit.o)
    0x080048f2   0x00000064   Code   RO          879    .text               c_w.l(rt_memcpy_w.o)
    0x08004956   0x00000006   Code   RO          887    .text               c_w.l(heapauxi.o)
    0x0800495c   0x00000024   Code   RO          894    .text               c_w.l(init_aeabi.o)
    0x08004980   0x00000010   Code   RO         1026    .text               c_w.l(rt_ctype_table.o)
    0x08004990   0x00000008   Code   RO         1031    .text               c_w.l(rt_ddtor_pointer_addr_intlibspace.o)
    0x08004998   0x0000005e   Code   RO         1037    .text               c_w.l(h1_alloc.o)
    0x080049f6   0x0000004e   Code   RO         1039    .text               c_w.l(h1_free.o)
    0x08004a44   0x0000004e   Code   RO         1097    .text               c_w.l(_printf_pad.o)
    0x08004a92   0x00000024   Code   RO         1099    .text               c_w.l(_printf_truncate.o)
    0x08004ab6   0x00000052   Code   RO         1101    .text               c_w.l(_printf_str.o)
    0x08004b08   0x00000078   Code   RO         1103    .text               c_w.l(_printf_dec.o)
    0x08004b80   0x00000028   Code   RO         1105    .text               c_w.l(_printf_charcount.o)
    0x08004ba8   0x00000030   Code   RO         1107    .text               c_w.l(_printf_char_common.o)
    0x08004bd8   0x0000000a   Code   RO         1109    .text               c_w.l(_sputc.o)
    0x08004be2   0x00000010   Code   RO         1111    .text               c_w.l(_snputc.o)
    0x08004bf2   0x00000002   PAD
    0x08004bf4   0x000000bc   Code   RO         1113    .text               c_w.l(_printf_wctomb.o)
    0x08004cb0   0x0000007c   Code   RO         1116    .text               c_w.l(_printf_longlong_dec.o)
    0x08004d2c   0x00000070   Code   RO         1122    .text               c_w.l(_printf_oct_int_ll.o)
    0x08004d9c   0x00000094   Code   RO         1142    .text               c_w.l(_printf_hex_int_ll_ptr.o)
    0x08004e30   0x00000188   Code   RO         1162    .text               c_w.l(__printf_flags_ss_wp.o)
    0x08004fb8   0x00000042   Code   RO         1188    .text               c_w.l(cxa_finalize.o)
    0x08004ffa   0x00000002   PAD
    0x08004ffc   0x00000008   Code   RO         1262    .text               c_w.l(libspace.o)
    0x08005004   0x00000008   Code   RO         1287    .text               c_w.l(rt_heap_descriptor_intlibspace.o)
    0x0800500c   0x00000008   Code   RO         1292    .text               c_w.l(rt_locale_intlibspace.o)
    0x08005014   0x00000004   Code   RO         1294    .text               c_w.l(hguard.o)
    0x08005018   0x0000008a   Code   RO         1296    .text               c_w.l(init_alloc.o)
    0x080050a2   0x0000000e   Code   RO         1300    .text               c_w.l(h1_init.o)
    0x080050b0   0x0000008a   Code   RO         1314    .text               c_w.l(lludiv10.o)
    0x0800513a   0x000000b2   Code   RO         1316    .text               c_w.l(_printf_intcommon.o)
    0x080051ec   0x0000041a   Code   RO         1318    .text               c_w.l(_printf_fp_dec.o)
    0x08005606   0x0000002c   Code   RO         1322    .text               c_w.l(_printf_char.o)
    0x08005632   0x0000002c   Code   RO         1324    .text               c_w.l(_printf_wchar.o)
    0x0800565e   0x00000040   Code   RO         1327    .text               c_w.l(_wcrtomb.o)
    0x0800569e   0x0000000a   Code   RO         1332    .text               c_w.l(defsig_exit.o)
    0x080056a8   0x0000004a   Code   RO         1373    .text               c_w.l(sys_stackheap_outer.o)
    0x080056f2   0x00000034   Code   RO         1384    .text               c_w.l(h1_extend.o)
    0x08005726   0x00000002   PAD
    0x08005728   0x00000080   Code   RO         1388    .text               c_w.l(_printf_fp_infnan.o)
    0x080057a8   0x000000dc   Code   RO         1390    .text               c_w.l(bigflt0.o)
    0x08005884   0x00000012   Code   RO         1418    .text               c_w.l(exit.o)
    0x08005896   0x00000032   Code   RO         1424    .text               c_w.l(defsig_general.o)
    0x080058c8   0x0000000e   Code   RO         1426    .text               c_w.l(defsig_rtmem_outer.o)
    0x080058d6   0x00000002   PAD
    0x080058d8   0x00000080   Code   RO         1430    .text               c_w.l(strcmpv7m.o)
    0x08005958   0x00000050   Code   RO         1461    .text               c_w.l(defsig_rtmem_inner.o)
    0x080059a8   0x0000003e   Code   RO         1393    CL$$btod_d2e        c_w.l(btod.o)
    0x080059e6   0x00000046   Code   RO         1395    CL$$btod_d2e_denorm_low  c_w.l(btod.o)
    0x08005a2c   0x00000060   Code   RO         1394    CL$$btod_d2e_norm_op1  c_w.l(btod.o)
    0x08005a8c   0x00000338   Code   RO         1403    CL$$btod_div_common  c_w.l(btod.o)
    0x08005dc4   0x000000c6   Code   RO         1400    CL$$btod_e2e        c_w.l(btod.o)
    0x08005e8a   0x00000028   Code   RO         1397    CL$$btod_ediv       c_w.l(btod.o)
    0x08005eb2   0x00000028   Code   RO         1396    CL$$btod_emul       c_w.l(btod.o)
    0x08005eda   0x00000244   Code   RO         1402    CL$$btod_mult_common  c_w.l(btod.o)
    0x0800611e   0x00000008   Code   RO          897    i._ZdlPv            cpprt_w.l(delete.o)
    0x08006126   0x00000028   Code   RO         1450    i.__ARM_fpclassify  m_ws.l(fpclassify.o)
    0x0800614e   0x0000000e   Code   RO         1155    i._is_digit         c_w.l(__printf_wp.o)
    0x0800615c   0x0000002c   Code   RO         1330    locale$$code        c_w.l(lc_ctype_c.o)
    0x08006188   0x0000002c   Code   RO         1416    locale$$code        c_w.l(lc_numeric_c.o)
    0x080061b4   0x00000184   Code   RO         1010    x$fpl$fdiv          fz_ws.l(fdiv.o)
    0x08006338   0x0000003e   Code   RO         1013    x$fpl$ffixu         fz_ws.l(ffixu.o)
    0x08006376   0x00000002   PAD
    0x08006378   0x00000026   Code   RO         1017    x$fpl$ffltu         fz_ws.l(fflt_clz.o)
    0x0800639e   0x00000002   PAD
    0x080063a0   0x00000102   Code   RO         1023    x$fpl$fmul          fz_ws.l(fmul.o)
    0x080064a2   0x0000008c   Code   RO         1255    x$fpl$fnaninf       fz_ws.l(fnaninf.o)
    0x0800652e   0x0000000a   Code   RO         1257    x$fpl$fretinf       fz_ws.l(fretinf.o)
    0x08006538   0x00000004   Code   RO         1259    x$fpl$printf1       fz_ws.l(printf1.o)
    0x0800653c   0x00000000   Code   RO         1261    x$fpl$usenofp       fz_ws.l(usenofp.o)
    0x0800653c   0x00000008   Data   RO         1114    .constdata          c_w.l(_printf_wctomb.o)
    0x08006544   0x00000028   Data   RO         1143    .constdata          c_w.l(_printf_hex_int_ll_ptr.o)
    0x0800656c   0x00000011   Data   RO         1163    .constdata          c_w.l(__printf_flags_ss_wp.o)
    0x0800657d   0x00000003   PAD
    0x08006580   0x00000094   Data   RO         1391    .constdata          c_w.l(bigflt0.o)
    0x08006614   0x00000024   Data   RO          384    .constdata__ZTV12BasicStorage  basicstorage.o
    0x08006638   0x00000024   Data   RO          434    .constdata__ZTV6E2PROM  e2prom.o
    0x0800665c   0x00000020   Data   RO         1493    Region$$Table       anon$$obj.o
    0x0800667c   0x00000110   Data   RO         1329    locale$$data        c_w.l(lc_ctype_c.o)
    0x0800678c   0x0000001c   Data   RO         1415    locale$$data        c_w.l(lc_numeric_c.o)
    0x080067a8   0x00000004   Data   RO          194    .init_array         main.o
    0x080067ac   0x00000000   Data   RO          892    .init_array         c_w.l(init_aeabi.o)


    Execution Region RW_IRAM1 (Base: 0x20000000, Size: 0x000011b8, Max: 0x0000c000, ABSOLUTE)

    Base Addr    Size         Type   Attr      Idx    E Section Name        Object

    0x20000000   0x00000014   Data   RW           25    .data               system_stm32f10x.o
    0x20000014   0x00000008   Data   RW          106    .data               retarget.o
    0x2000001c   0x00000088   Data   RW          193    .data               main.o
    0x200000a4   0x00000008   Data   RW          519    .data               systick.o
    0x200000ac   0x00000014   Data   RW          740    .data               stm32f10x_rcc.o
    0x200000c0   0x000003f4   Zero   RW          131    .bss                serial.o
    0x200004b4   0x00000078   Zero   RW          192    .bss                main.o
    0x2000052c   0x00000200   Zero   RW          355    .bss                commonutil.o
    0x2000072c   0x0000002c   Zero   RW          462    .bss                devwrapperiic.o
    0x20000758   0x00000060   Zero   RW         1263    .bss                c_w.l(libspace.o)
    0x200007b8   0x00000200   Zero   RW            2    HEAP                startup_stm32f10x_hd.o
    0x200009b8   0x00000800   Zero   RW            1    STACK               startup_stm32f10x_hd.o


==============================================================================

Image component sizes


      Code (inc. data)   RO Data    RW Data    ZI Data      Debug   Object Name

        32          6         36          0          0       1432   basicstorage.o
         0          0          0          0          0        504   commonprotocol.o
       148         32          0          0        512       2006   commonutil.o
         0          0          0          0          0       4508   core_cm3.o
      1076         26          0          0         44      21582   devwrapperiic.o
       240         56          0          0          0       1417   devwrapperio.o
       724         28         36          0          0       4996   e2prom.o
       148         48          4        136        120     220704   main.o
       460         48          0          0          0       1937   misc.o
        48          0          0          8          0       2886   retarget.o
       404         12          0          0       1012       9036   serial.o
        64         26        304          0       2560        804   startup_stm32f10x_hd.o
      2344        148          0          0          0       5506   stm32f10x_dma.o
      2660        182          0          0          0       7221   stm32f10x_gpio.o
      3216        162          0          0          0      11307   stm32f10x_i2c.o
        26          0          0          0          0     205858   stm32f10x_it.o
      2088         84          0         20          0      10176   stm32f10x_rcc.o
      3492        118          0          0          0      10584   stm32f10x_usart.o
       480         38          0         20          0      18707   system_stm32f10x.o
       228         16          0          8          0       1078   systick.o

    ----------------------------------------------------------------------
     17880       1030        412        192       4248     542249   Object Totals
         0          0         32          0          0          0   (incl. Generated)
         2          0          0          0          0          0   (incl. Padding)

    ----------------------------------------------------------------------

      Code (inc. data)   RO Data    RW Data    ZI Data      Debug   Library Member Name

         8          0          0          0          0         68   __main.o
       392          4         17          0          0         92   __printf_flags_ss_wp.o
        14          0          0          0          0         68   __printf_wp.o
         0          0          0          0          0          0   __rtentry.o
        12          0          0          0          0          0   __rtentry2.o
         6          0          0          0          0          0   __rtentry4.o
        52          8          0          0          0          0   __scatter.o
        26          0          0          0          0          0   __scatter_copy.o
        28          0          0          0          0          0   __scatter_zi.o
         6          0          0          0          0          0   _printf_a.o
         6          0          0          0          0          0   _printf_c.o
        44          0          0          0          0        108   _printf_char.o
        48          6          0          0          0         96   _printf_char_common.o
        40          0          0          0          0         68   _printf_charcount.o
         6          0          0          0          0          0   _printf_d.o
       120         16          0          0          0         92   _printf_dec.o
         6          0          0          0          0          0   _printf_e.o
         6          0          0          0          0          0   _printf_f.o
      1050          0          0          0          0        216   _printf_fp_dec.o
       128         16          0          0          0         84   _printf_fp_infnan.o
         6          0          0          0          0          0   _printf_g.o
       148          4         40          0          0        160   _printf_hex_int_ll_ptr.o
         6          0          0          0          0          0   _printf_i.o
       178          0          0          0          0         88   _printf_intcommon.o
        10          0          0          0          0          0   _printf_l.o
         6          0          0          0          0          0   _printf_lc.o
        10          0          0          0          0          0   _printf_ll.o
         6          0          0          0          0          0   _printf_lld.o
         6          0          0          0          0          0   _printf_lli.o
         6          0          0          0          0          0   _printf_llo.o
         6          0          0          0          0          0   _printf_llu.o
         6          0          0          0          0          0   _printf_llx.o
       124         16          0          0          0         92   _printf_longlong_dec.o
         6          0          0          0          0          0   _printf_ls.o
         6          0          0          0          0          0   _printf_n.o
         6          0          0          0          0          0   _printf_o.o
       112          8          0          0          0        124   _printf_oct_int_ll.o
         6          0          0          0          0          0   _printf_p.o
        78          0          0          0          0        108   _printf_pad.o
         0          0          0          0          0          0   _printf_percent.o
         4          0          0          0          0          0   _printf_percent_end.o
         6          0          0          0          0          0   _printf_s.o
        82          0          0          0          0         80   _printf_str.o
        36          0          0          0          0         84   _printf_truncate.o
         6          0          0          0          0          0   _printf_u.o
        44          0          0          0          0        108   _printf_wchar.o
       188          6          8          0          0         92   _printf_wctomb.o
         6          0          0          0          0          0   _printf_x.o
        16          0          0          0          0         68   _snputc.o
        10          0          0          0          0         68   _sputc.o
        64          0          0          0          0         92   _wcrtomb.o
        46          0          0          0          0         84   aeabi_atexit.o
       220          4        148          0          0         96   bigflt0.o
      1910        128          0          0          0        672   btod.o
        52          4          0          0          0         80   c89vsnprintf.o
        66          0          0          0          0         84   cxa_finalize.o
        10          0          0          0          0         68   defsig_exit.o
        50          0          0          0          0         88   defsig_general.o
        80         58          0          0          0         76   defsig_rtmem_inner.o
        14          0          0          0          0         80   defsig_rtmem_outer.o
        18          0          0          0          0         80   exit.o
        94          0          0          0          0         80   h1_alloc.o
        52          0          0          0          0         68   h1_extend.o
        78          0          0          0          0         80   h1_free.o
        14          0          0          0          0         84   h1_init.o
         6          0          0          0          0        152   heapauxi.o
         4          0          0          0          0        136   hguard.o
        36         10          0          0          0         80   init_aeabi.o
       138          0          0          0          0        168   init_alloc.o
        44         10        272          0          0         76   lc_ctype_c.o
        44         10         28          0          0         76   lc_numeric_c.o
         2          0          0          0          0          0   libinit.o
        42          0          0          0          0          0   libinit2.o
         2          0          0          0          0          0   libshutdown.o
         8          0          0          0          0          0   libshutdown2.o
         8          4          0          0         96         68   libspace.o
       138          0          0          0          0         80   lludiv10.o
         0          0          0          0          0          0   maybetermalloc1.o
        44          4          0          0          0         84   puts.o
        16          4          0          0          0         76   rt_ctype_table.o
         8          4          0          0          0         68   rt_ddtor_pointer_addr_intlibspace.o
         8          4          0          0          0         68   rt_heap_descriptor_intlibspace.o
         8          4          0          0          0         68   rt_locale_intlibspace.o
       100          0          0          0          0         80   rt_memcpy_w.o
         2          0          0          0          0          0   rtexit.o
        10          0          0          0          0          0   rtexit2.o
       128          0          0          0          0         68   strcmpv7m.o
        74          0          0          0          0         80   sys_stackheap_outer.o
         2          0          0          0          0         68   use_no_semi.o
         8          0          0          0          0         76   delete.o
       388         76          0          0          0         96   fdiv.o
        62          4          0          0          0         84   ffixu.o
        38          0          0          0          0         68   fflt_clz.o
       258          4          0          0          0         84   fmul.o
       140          4          0          0          0         84   fnaninf.o
        10          0          0          0          0         68   fretinf.o
         4          0          0          0          0         68   printf1.o
         0          0          0          0          0          0   usenofp.o
        40          0          0          0          0         68   fpclassify.o

    ----------------------------------------------------------------------
      7732        420        516          0         96       5968   Library Totals
        16          0          3          0          0          0   (incl. Padding)

    ----------------------------------------------------------------------

      Code (inc. data)   RO Data    RW Data    ZI Data      Debug   Library Name

      6768        332        513          0         96       5272   c_w.l
         8          0          0          0          0         76   cpprt_w.l
       900         88          0          0          0        552   fz_ws.l
        40          0          0          0          0         68   m_ws.l

    ----------------------------------------------------------------------
      7732        420        516          0         96       5968   Library Totals

    ----------------------------------------------------------------------

==============================================================================


      Code (inc. data)   RO Data    RW Data    ZI Data      Debug   

     25612       1450        928        192       4344     543325   Grand Totals
     25612       1450        928        192       4344     543325   ELF Image Totals
     25612       1450        928        192          0          0   ROM Totals

==============================================================================

    Total RO  Size (Code + RO Data)                26540 (  25.92kB)
    Total RW  Size (RW Data + ZI Data)              4536 (   4.43kB)
    Total ROM Size (Code + RO Data + RW Data)      26732 (  26.11kB)

==============================================================================

